Archive member included to satisfy reference by file (symbol)

c:/st/stm32cubeide_1.7.0/stm32cubeide/plugins/com.st.stm32cube.ide.mcu.externaltools.gnu-tools-for-stm32.9-2020-q2-update.win32_2.0.0.202105311346/tools/bin/../lib/gcc/arm-none-eabi/9.3.1/../../../../arm-none-eabi/lib/thumb/v6-m/nofp\libc_nano.a(lib_a-errno.o)
                              ./Core/Src/syscalls.o (__errno)
c:/st/stm32cubeide_1.7.0/stm32cubeide/plugins/com.st.stm32cube.ide.mcu.externaltools.gnu-tools-for-stm32.9-2020-q2-update.win32_2.0.0.202105311346/tools/bin/../lib/gcc/arm-none-eabi/9.3.1/../../../../arm-none-eabi/lib/thumb/v6-m/nofp\libc_nano.a(lib_a-exit.o)
                              c:/st/stm32cubeide_1.7.0/stm32cubeide/plugins/com.st.stm32cube.ide.mcu.externaltools.gnu-tools-for-stm32.9-2020-q2-update.win32_2.0.0.202105311346/tools/bin/../lib/gcc/arm-none-eabi/9.3.1/../../../../arm-none-eabi/lib/thumb/v6-m/nofp/crt0.o (exit)
c:/st/stm32cubeide_1.7.0/stm32cubeide/plugins/com.st.stm32cube.ide.mcu.externaltools.gnu-tools-for-stm32.9-2020-q2-update.win32_2.0.0.202105311346/tools/bin/../lib/gcc/arm-none-eabi/9.3.1/../../../../arm-none-eabi/lib/thumb/v6-m/nofp\libc_nano.a(lib_a-impure.o)
                              c:/st/stm32cubeide_1.7.0/stm32cubeide/plugins/com.st.stm32cube.ide.mcu.externaltools.gnu-tools-for-stm32.9-2020-q2-update.win32_2.0.0.202105311346/tools/bin/../lib/gcc/arm-none-eabi/9.3.1/../../../../arm-none-eabi/lib/thumb/v6-m/nofp\libc_nano.a(lib_a-exit.o) (_global_impure_ptr)
c:/st/stm32cubeide_1.7.0/stm32cubeide/plugins/com.st.stm32cube.ide.mcu.externaltools.gnu-tools-for-stm32.9-2020-q2-update.win32_2.0.0.202105311346/tools/bin/../lib/gcc/arm-none-eabi/9.3.1/../../../../arm-none-eabi/lib/thumb/v6-m/nofp\libc_nano.a(lib_a-init.o)
                              c:/st/stm32cubeide_1.7.0/stm32cubeide/plugins/com.st.stm32cube.ide.mcu.externaltools.gnu-tools-for-stm32.9-2020-q2-update.win32_2.0.0.202105311346/tools/bin/../lib/gcc/arm-none-eabi/9.3.1/../../../../arm-none-eabi/lib/thumb/v6-m/nofp/crt0.o (__libc_init_array)
c:/st/stm32cubeide_1.7.0/stm32cubeide/plugins/com.st.stm32cube.ide.mcu.externaltools.gnu-tools-for-stm32.9-2020-q2-update.win32_2.0.0.202105311346/tools/bin/../lib/gcc/arm-none-eabi/9.3.1/../../../../arm-none-eabi/lib/thumb/v6-m/nofp\libc_nano.a(lib_a-memset.o)
                              c:/st/stm32cubeide_1.7.0/stm32cubeide/plugins/com.st.stm32cube.ide.mcu.externaltools.gnu-tools-for-stm32.9-2020-q2-update.win32_2.0.0.202105311346/tools/bin/../lib/gcc/arm-none-eabi/9.3.1/../../../../arm-none-eabi/lib/thumb/v6-m/nofp/crt0.o (memset)
c:/st/stm32cubeide_1.7.0/stm32cubeide/plugins/com.st.stm32cube.ide.mcu.externaltools.gnu-tools-for-stm32.9-2020-q2-update.win32_2.0.0.202105311346/tools/bin/../lib/gcc/arm-none-eabi/9.3.1/../../../../arm-none-eabi/lib/thumb/v6-m/nofp\libc_nano.a(lib_a-strcmp.o)
                              ./Core/Src/parking_app.o (strcmp)
c:/st/stm32cubeide_1.7.0/stm32cubeide/plugins/com.st.stm32cube.ide.mcu.externaltools.gnu-tools-for-stm32.9-2020-q2-update.win32_2.0.0.202105311346/tools/bin/../lib/gcc/arm-none-eabi/9.3.1/thumb/v6-m/nofp\libgcc.a(_udivsi3.o)
                              ./Core/Src/system_stm32f0xx.o (__aeabi_uidiv)
c:/st/stm32cubeide_1.7.0/stm32cubeide/plugins/com.st.stm32cube.ide.mcu.externaltools.gnu-tools-for-stm32.9-2020-q2-update.win32_2.0.0.202105311346/tools/bin/../lib/gcc/arm-none-eabi/9.3.1/thumb/v6-m/nofp\libgcc.a(_divsi3.o)
                              ./Core/Src/uart_rx_buffer.o (__aeabi_idivmod)
c:/st/stm32cubeide_1.7.0/stm32cubeide/plugins/com.st.stm32cube.ide.mcu.externaltools.gnu-tools-for-stm32.9-2020-q2-update.win32_2.0.0.202105311346/tools/bin/../lib/gcc/arm-none-eabi/9.3.1/thumb/v6-m/nofp\libgcc.a(_dvmd_tls.o)
                              c:/st/stm32cubeide_1.7.0/stm32cubeide/plugins/com.st.stm32cube.ide.mcu.externaltools.gnu-tools-for-stm32.9-2020-q2-update.win32_2.0.0.202105311346/tools/bin/../lib/gcc/arm-none-eabi/9.3.1/thumb/v6-m/nofp\libgcc.a(_udivsi3.o) (__aeabi_idiv0)

Allocating common symbols
Common symbol       size              file

uwTick              0x4               ./Drivers/STM32F0xx_HAL_Driver/Src/stm32f0xx_hal.o
pFlash              0x20              ./Drivers/STM32F0xx_HAL_Driver/Src/stm32f0xx_hal_flash.o
huart2              0x84              ./Core/Src/usart.o

Discarded input sections

 .text          0x0000000000000000        0x0 c:/st/stm32cubeide_1.7.0/stm32cubeide/plugins/com.st.stm32cube.ide.mcu.externaltools.gnu-tools-for-stm32.9-2020-q2-update.win32_2.0.0.202105311346/tools/bin/../lib/gcc/arm-none-eabi/9.3.1/thumb/v6-m/nofp/crti.o
 .data          0x0000000000000000        0x0 c:/st/stm32cubeide_1.7.0/stm32cubeide/plugins/com.st.stm32cube.ide.mcu.externaltools.gnu-tools-for-stm32.9-2020-q2-update.win32_2.0.0.202105311346/tools/bin/../lib/gcc/arm-none-eabi/9.3.1/thumb/v6-m/nofp/crti.o
[...]
Memory Configuration

Name             Origin             Length             Attributes
RAM              0x0000000020000000 0x0000000000002000 xrw
FLASH            0x0000000008000000 0x0000000000010000 xr
*default*        0x0000000000000000 0xffffffffffffffff

Linker script and memory map

LOAD c:/st/stm32cubeide_1.7.0/stm32cubeide/plugins/com.st.stm32cube.ide.mcu.externaltools.gnu-tools-for-stm32.9-2020-q2-update.win32_2.0.0.202105311346/tools/bin/../lib/gcc/arm-none-eabi/9.3.1/thumb/v6-m/nofp/crti.o
LOAD c:/st/stm32cubeide_1.7.0/stm32cubeide/plugins/com.st.stm32cube.ide.mcu.externaltools.gnu-tools-for-stm32.9-2020-q2-update.win32_2.0.0.202105311346/tools/bin/../lib/gcc/arm-none-eabi/9.3.1/thumb/v6-m/nofp/crtbegin.o
LOAD c:/st/stm32cubeide_1.7.0/stm32cubeide/plugins/com.st.stm32cube.ide.mcu.externaltools.gnu-tools-for-stm32.9-2020-q2-update.win32_2.0.0.202105311346/tools/bin/../lib/gcc/arm-none-eabi/9.3.1/../../../../arm-none-eabi/lib/thumb/v6-m/nofp/crt0.o
LOAD ./Core/Src/gpio.o
LOAD ./Core/Src/main.o
LOAD ./Core/Src/parking_app.o
LOAD ./Core/Src/stm32f0xx_hal_msp.o
LOAD ./Core/Src/stm32f0xx_it.o
LOAD ./Core/Src/syscalls.o
LOAD ./Core/Src/sysmem.o
LOAD ./Core/Src/system_stm32f0xx.o
LOAD ./Core/Src/uart_api.o
LOAD ./Core/Src/uart_rx_buffer.o
LOAD ./Core/Src/usart.o
LOAD ./Core/Startup/startup_stm32f030r8tx.o
LOAD ./Drivers/STM32F0xx_HAL_Driver/Src/stm32f0xx_hal.o
LOAD ./Drivers/STM32F0xx_HAL_Driver/Src/stm32f0xx_hal_cortex.o
LOAD ./Drivers/STM32F0xx_HAL_Driver/Src/stm32f0xx_hal_dma.o
LOAD ./Drivers/STM32F0xx_HAL_Driver/Src/stm32f0xx_hal_exti.o
LOAD ./Drivers/STM32F0xx_HAL_Driver/Src/stm32f0xx_hal_flash.o
LOAD ./Drivers/STM32F0xx_HAL_Driver/Src/stm32f0xx_hal_flash_ex.o
LOAD ./Drivers/STM32F0xx_HAL_Driver/Src/stm32f0xx_hal_gpio.o
LOAD ./Drivers/STM32F0xx_HAL_Driver/Src/stm32f0xx_hal_i2c.o
LOAD ./Drivers/STM32F0xx_HAL_Driver/Src/stm32f0xx_hal_i2c_ex.o
LOAD ./Drivers/STM32F0xx_HAL_Driver/Src/stm32f0xx_hal_pwr.o
LOAD ./Drivers/STM32F0xx_HAL_Driver/Src/stm32f0xx_hal_pwr_ex.o
LOAD ./Drivers/STM32F0xx_HAL_Driver/Src/stm32f0xx_hal_rcc.o
LOAD ./Drivers/STM32F0xx_HAL_Driver/Src/stm32f0xx_hal_rcc_ex.o
LOAD ./Drivers/STM32F0xx_HAL_Driver/Src/stm32f0xx_hal_tim.o
LOAD ./Drivers/STM32F0xx_HAL_Driver/Src/stm32f0xx_hal_tim_ex.o
LOAD ./Drivers/STM32F0xx_HAL_Driver/Src/stm32f0xx_hal_uart.o
LOAD ./Drivers/STM32F0xx_HAL_Driver/Src/stm32f0xx_hal_uart_ex.o
START GROUP
LOAD c:/st/stm32cubeide_1.7.0/stm32cubeide/plugins/com.st.stm32cube.ide.mcu.externaltools.gnu-tools-for-stm32.9-2020-q2-update.win32_2.0.0.202105311346/tools/bin/../lib/gcc/arm-none-eabi/9.3.1/../../../../arm-none-eabi/lib/thumb/v6-m/nofp\libstdc++_nano.a
LOAD c:/st/stm32cubeide_1.7.0/stm32cubeide/plugins/com.st.stm32cube.ide.mcu.externaltools.gnu-tools-for-stm32.9-2020-q2-update.win32_2.0.0.202105311346/tools/bin/../lib/gcc/arm-none-eabi/9.3.1/../../../../arm-none-eabi/lib/thumb/v6-m/nofp\libsupc++_nano.a
END GROUP
LOAD c:/st/stm32cubeide_1.7.0/stm32cubeide/plugins/com.st.stm32cube.ide.mcu.externaltools.gnu-tools-for-stm32.9-2020-q2-update.win32_2.0.0.202105311346/tools/bin/../lib/gcc/arm-none-eabi/9.3.1/../../../../arm-none-eabi/lib/thumb/v6-m/nofp\libstdc++_nano.a
LOAD c:/st/stm32cubeide_1.7.0/stm32cubeide/plugins/com.st.stm32cube.ide.mcu.externaltools.gnu-tools-for-stm32.9-2020-q2-update.win32_2.0.0.202105311346/tools/bin/../lib/gcc/arm-none-eabi/9.3.1/../../../../arm-none-eabi/lib/thumb/v6-m/nofp\libm.a
LOAD c:/st/stm32cubeide_1.7.0/stm32cubeide/plugins/com.st.stm32cube.ide.mcu.externaltools.gnu-tools-for-stm32.9-2020-q2-update.win32_2.0.0.202105311346/tools/bin/../lib/gcc/arm-none-eabi/9.3.1/../../../../arm-none-eabi/lib/thumb/v6-m/nofp\libc_nano.a
START GROUP
LOAD c:/st/stm32cubeide_1.7.0/stm32cubeide/plugins/com.st.stm32cube.ide.mcu.externaltools.gnu-tools-for-stm32.9-2020-q2-update.win32_2.0.0.202105311346/tools/bin/../lib/gcc/arm-none-eabi/9.3.1/thumb/v6-m/nofp\libgcc.a
LOAD c:/st/stm32cubeide_1.7.0/stm32cubeide/plugins/com.st.stm32cube.ide.mcu.externaltools.gnu-tools-for-stm32.9-2020-q2-update.win32_2.0.0.202105311346/tools/bin/../lib/gcc/arm-none-eabi/9.3.1/../../../../arm-none-eabi/lib/thumb/v6-m/nofp\libc_nano.a
END GROUP
START GROUP
LOAD c:/st/stm32cubeide_1.7.0/stm32cubeide/plugins/com.st.stm32cube.ide.mcu.externaltools.gnu-tools-for-stm32.9-2020-q2-update.win32_2.0.0.202105311346/tools/bin/../lib/gcc/arm-none-eabi/9.3.1/thumb/v6-m/nofp\libgcc.a
LOAD c:/st/stm32cubeide_1.7.0/stm32cubeide/plugins/com.st.stm32cube.ide.mcu.externaltools.gnu-tools-for-stm32.9-2020-q2-update.win32_2.0.0.202105311346/tools/bin/../lib/gcc/arm-none-eabi/9.3.1/../../../../arm-none-eabi/lib/thumb/v6-m/nofp\libc_nano.a
LOAD c:/st/stm32cubeide_1.7.0/stm32cubeide/plugins/com.st.stm32cube.ide.mcu.externaltools.gnu-tools-for-stm32.9-2020-q2-update.win32_2.0.0.202105311346/tools/bin/../lib/gcc/arm-none-eabi/9.3.1/../../../../arm-none-eabi/lib/thumb/v6-m/nofp\libnosys.a
END GROUP
START GROUP
LOAD c:/st/stm32cubeide_1.7.0/stm32cubeide/plugins/com.st.stm32cube.ide.mcu.externaltools.gnu-tools-for-stm32.9-2020-q2-update.win32_2.0.0.202105311346/tools/bin/../lib/gcc/arm-none-eabi/9.3.1/thumb/v6-m/nofp\libgcc.a
LOAD c:/st/stm32cubeide_1.7.0/stm32cubeide/plugins/com.st.stm32cube.ide.mcu.externaltools.gnu-tools-for-stm32.9-2020-q2-update.win32_2.0.0.202105311346/tools/bin/../lib/gcc/arm-none-eabi/9.3.1/../../../../arm-none-eabi/lib/thumb/v6-m/nofp\libc_nano.a
LOAD c:/st/stm32cubeide_1.7.0/stm32cubeide/plugins/com.st.stm32cube.ide.mcu.externaltools.gnu-tools-for-stm32.9-2020-q2-update.win32_2.0.0.202105311346/tools/bin/../lib/gcc/arm-none-eabi/9.3.1/../../../../arm-none-eabi/lib/thumb/v6-m/nofp\libnosys.a
END GROUP
LOAD c:/st/stm32cubeide_1.7.0/stm32cubeide/plugins/com.st.stm32cube.ide.mcu.externaltools.gnu-tools-for-stm32.9-2020-q2-update.win32_2.0.0.202105311346/tools/bin/../lib/gcc/arm-none-eabi/9.3.1/thumb/v6-m/nofp/crtend.o
LOAD c:/st/stm32cubeide_1.7.0/stm32cubeide/plugins/com.st.stm32cube.ide.mcu.externaltools.gnu-tools-for-stm32.9-2020-q2-update.win32_2.0.0.202105311346/tools/bin/../lib/gcc/arm-none-eabi/9.3.1/thumb/v6-m/nofp/crtn.o
                0x0000000020002000                _estack = (ORIGIN (RAM) + LENGTH (RAM))
                0x0000000000000200                _Min_Heap_Size = 0x200
                0x0000000000000400                _Min_Stack_Size = 0x400

.isr_vector     0x0000000008000000       0xc0
                0x0000000008000000                . = ALIGN (0x4)
 *(.isr_vector)
 .isr_vector    0x0000000008000000       0xc0 ./Core/Startup/startup_stm32f030r8tx.o
                0x0000000008000000                g_pfnVectors
                0x00000000080000c0                . = ALIGN (0x4)

.text           0x00000000080000c0     0x2e24
                0x00000000080000c0                . = ALIGN (0x4)
 *(.text)
 .text          0x00000000080000c0       0x48 c:/st/stm32cubeide_1.7.0/stm32cubeide/plugins/com.st.stm32cube.ide.mcu.externaltools.gnu-tools-for-stm32.9-2020-q2-update.win32_2.0.0.202105311346/tools/bin/../lib/gcc/arm-none-eabi/9.3.1/thumb/v6-m/nofp/crtbegin.o
 .text          0x0000000008000108       0x14 c:/st/stm32cubeide_1.7.0/stm32cubeide/plugins/com.st.stm32cube.ide.mcu.externaltools.gnu-tools-for-stm32.9-2020-q2-update.win32_2.0.0.202105311346/tools/bin/../lib/gcc/arm-none-eabi/9.3.1/../../../../arm-none-eabi/lib/thumb/v6-m/nofp\libc_nano.a(lib_a-strcmp.o)
                0x0000000008000108                strcmp
 .text          0x000000000800011c      0x114 c:/st/stm32cubeide_1.7.0/stm32cubeide/plugins/com.st.stm32cube.ide.mcu.externaltools.gnu-tools-for-stm32.9-2020-q2-update.win32_2.0.0.202105311346/tools/bin/../lib/gcc/arm-none-eabi/9.3.1/thumb/v6-m/nofp\libgcc.a(_udivsi3.o)
                0x000000000800011c                __aeabi_uidiv
                0x000000000800011c                __udivsi3
                0x0000000008000228                __aeabi_uidivmod
 .text          0x0000000008000230      0x1d4 c:/st/stm32cubeide_1.7.0/stm32cubeide/plugins/com.st.stm32cube.ide.mcu.externaltools.gnu-tools-for-stm32.9-2020-q2-update.win32_2.0.0.202105311346/tools/bin/../lib/gcc/arm-none-eabi/9.3.1/thumb/v6-m/nofp\libgcc.a(_divsi3.o)
                0x0000000008000230                __divsi3
                0x0000000008000230                __aeabi_idiv
                0x00000000080003fc                __aeabi_idivmod
 .text          0x0000000008000404        0x4 c:/st/stm32cubeide_1.7.0/stm32cubeide/plugins/com.st.stm32cube.ide.mcu.externaltools.gnu-tools-for-stm32.9-2020-q2-update.win32_2.0.0.202105311346/tools/bin/../lib/gcc/arm-none-eabi/9.3.1/thumb/v6-m/nofp\libgcc.a(_dvmd_tls.o)
                0x0000000008000404                __aeabi_idiv0
                0x0000000008000404                __aeabi_ldiv0
 *(.text*)
 .text.MX_GPIO_Init
                0x0000000008000408       0xd4 ./Core/Src/gpio.o
                0x0000000008000408                MX_GPIO_Init
 .text.main     0x00000000080004dc       0x1a ./Core/Src/main.o
                0x00000000080004dc                main
 .text._Z18SystemClock_Configv
                0x00000000080004f6       0xa4 ./Core/Src/main.o
                0x00000000080004f6                SystemClock_Config()
 .text.Error_Handler
                0x000000000800059a        0xa ./Core/Src/main.o
                0x000000000800059a                Error_Handler
 .text._ZN6bufferC2Ev
                0x00000000080005a4       0x28 ./Core/Src/parking_app.o
                0x00000000080005a4                buffer::buffer()
                0x00000000080005a4                buffer::buffer()
 .text._ZNV6buffer8is_emptyEv
                0x00000000080005cc       0x30 ./Core/Src/parking_app.o
                0x00000000080005cc                buffer::is_empty() volatile
 .text._ZN6packetC2EPFvRKN11packet_defs16packet_structureEPvES4_
                0x00000000080005fc       0x34 ./Core/Src/parking_app.o
                0x00000000080005fc                packet::packet(void (*)(packet_defs::packet_structure const&, void*), void*)
                0x00000000080005fc                packet::packet(void (*)(packet_defs::packet_structure const&, void*), void*)
 .text._run_app
                0x0000000008000630        0xe ./Core/Src/parking_app.o
                0x0000000008000630                _run_app
 *fill*         0x000000000800063e        0x2 
 .text._ZN11parking_app4mainEv
                0x0000000008000640       0x60 ./Core/Src/parking_app.o
                0x0000000008000640                parking_app::main()
 .text._ZN11parking_app15packet_callbackERKN11packet_defs16packet_structureEPv
                0x00000000080006a0       0x5c ./Core/Src/parking_app.o
                0x00000000080006a0                parking_app::packet_callback(packet_defs::packet_structure const&, void*)
 .text.HAL_UART_RxCpltCallback
                0x00000000080006fc       0x38 ./Core/Src/parking_app.o
                0x00000000080006fc                HAL_UART_RxCpltCallback
 .text._Z41__static_initialization_and_destruction_0ii
                0x0000000008000734       0x44 ./Core/Src/parking_app.o
 .text._GLOBAL__sub_I__run_app
                0x0000000008000778       0x18 ./Core/Src/parking_app.o
 .text.HAL_MspInit
                0x0000000008000790       0x48 ./Core/Src/stm32f0xx_hal_msp.o
                0x0000000008000790                HAL_MspInit
 .text.NMI_Handler
                0x00000000080007d8        0x6 ./Core/Src/stm32f0xx_it.o
                0x00000000080007d8                NMI_Handler
 .text.HardFault_Handler
                0x00000000080007de        0x6 ./Core/Src/stm32f0xx_it.o
                0x00000000080007de                HardFault_Handler
 .text.SVC_Handler
                0x00000000080007e4        0xa ./Core/Src/stm32f0xx_it.o
                0x00000000080007e4                SVC_Handler
 .text.PendSV_Handler
                0x00000000080007ee        0xa ./Core/Src/stm32f0xx_it.o
                0x00000000080007ee                PendSV_Handler
 .text.SysTick_Handler
                0x00000000080007f8        0xe ./Core/Src/stm32f0xx_it.o
                0x00000000080007f8                SysTick_Handler
 *fill*         0x0000000008000806        0x2 
 .text.USART2_IRQHandler
                0x0000000008000808       0x18 ./Core/Src/stm32f0xx_it.o
                0x0000000008000808                USART2_IRQHandler
 .text.SystemInit
                0x0000000008000820        0xa ./Core/Src/system_stm32f0xx.o
                0x0000000008000820                SystemInit
 .text._ZNK6packet7get_crcERKN11packet_defs16packet_structureE
                0x000000000800082a       0x68 ./Core/Src/uart_api.o
                0x000000000800082a                packet::get_crc(packet_defs::packet_structure const&) const
 *fill*         0x0000000008000892        0x2 
 .text._ZN6packet16deserialize_dataEPKhh
                0x0000000008000894      0x18c ./Core/Src/uart_api.o
                0x0000000008000894                packet::deserialize_data(unsigned char const*, unsigned char)
 .text._ZNV6buffer15write_to_bufferEc
                0x0000000008000a20       0x4c ./Core/Src/uart_rx_buffer.o
                0x0000000008000a20                buffer::write_to_buffer(char) volatile
 .text._ZNV6buffer16read_from_bufferEv
                0x0000000008000a6c       0x74 ./Core/Src/uart_rx_buffer.o
                0x0000000008000a6c                buffer::read_from_buffer() volatile
 .text.MX_USART2_UART_Init
                0x0000000008000ae0       0x68 ./Core/Src/usart.o
                0x0000000008000ae0                MX_USART2_UART_Init
 .text.HAL_UART_MspInit
                0x0000000008000b48       0xa8 ./Core/Src/usart.o
                0x0000000008000b48                HAL_UART_MspInit
 .text.Reset_Handler
                0x0000000008000bf0       0x50 ./Core/Startup/startup_stm32f030r8tx.o
                0x0000000008000bf0                Reset_Handler
 .text.Default_Handler
                0x0000000008000c40        0x2 ./Core/Startup/startup_stm32f030r8tx.o
                0x0000000008000c40                TIM1_CC_IRQHandler
                0x0000000008000c40                TIM6_IRQHandler
                0x0000000008000c40                I2C1_IRQHandler
                0x0000000008000c40                SPI1_IRQHandler
                0x0000000008000c40                EXTI2_3_IRQHandler
                0x0000000008000c40                ADC1_IRQHandler
                0x0000000008000c40                I2C2_IRQHandler
                0x0000000008000c40                TIM17_IRQHandler
                0x0000000008000c40                RTC_IRQHandler
                0x0000000008000c40                TIM16_IRQHandler
                0x0000000008000c40                TIM3_IRQHandler
                0x0000000008000c40                EXTI4_15_IRQHandler
                0x0000000008000c40                RCC_IRQHandler
                0x0000000008000c40                DMA1_Channel1_IRQHandler
                0x0000000008000c40                Default_Handler
                0x0000000008000c40                TIM14_IRQHandler
                0x0000000008000c40                DMA1_Channel4_5_IRQHandler
                0x0000000008000c40                TIM15_IRQHandler
                0x0000000008000c40                EXTI0_1_IRQHandler
                0x0000000008000c40                SPI2_IRQHandler
                0x0000000008000c40                WWDG_IRQHandler
                0x0000000008000c40                DMA1_Channel2_3_IRQHandler
                0x0000000008000c40                FLASH_IRQHandler
                0x0000000008000c40                USART1_IRQHandler
                0x0000000008000c40                TIM1_BRK_UP_TRG_COM_IRQHandler
 *fill*         0x0000000008000c42        0x2 
 .text.HAL_Init
                0x0000000008000c44       0x28 ./Drivers/STM32F0xx_HAL_Driver/Src/stm32f0xx_hal.o
                0x0000000008000c44                HAL_Init
 .text.HAL_InitTick
                0x0000000008000c6c       0x68 ./Drivers/STM32F0xx_HAL_Driver/Src/stm32f0xx_hal.o
                0x0000000008000c6c                HAL_InitTick
 .text.HAL_IncTick
                0x0000000008000cd4       0x24 ./Drivers/STM32F0xx_HAL_Driver/Src/stm32f0xx_hal.o
                0x0000000008000cd4                HAL_IncTick
 .text.HAL_GetTick
                0x0000000008000cf8       0x14 ./Drivers/STM32F0xx_HAL_Driver/Src/stm32f0xx_hal.o
                0x0000000008000cf8                HAL_GetTick
 .text.HAL_Delay
                0x0000000008000d0c       0x48 ./Drivers/STM32F0xx_HAL_Driver/Src/stm32f0xx_hal.o
                0x0000000008000d0c                HAL_Delay
 .text.__NVIC_EnableIRQ
                0x0000000008000d54       0x34 ./Drivers/STM32F0xx_HAL_Driver/Src/stm32f0xx_hal_cortex.o
 .text.__NVIC_SetPriority
                0x0000000008000d88       0xdc ./Drivers/STM32F0xx_HAL_Driver/Src/stm32f0xx_hal_cortex.o
 .text.SysTick_Config
                0x0000000008000e64       0x48 ./Drivers/STM32F0xx_HAL_Driver/Src/stm32f0xx_hal_cortex.o
 .text.HAL_NVIC_SetPriority
                0x0000000008000eac       0x2a ./Drivers/STM32F0xx_HAL_Driver/Src/stm32f0xx_hal_cortex.o
                0x0000000008000eac                HAL_NVIC_SetPriority
 .text.HAL_NVIC_EnableIRQ
                0x0000000008000ed6       0x20 ./Drivers/STM32F0xx_HAL_Driver/Src/stm32f0xx_hal_cortex.o
                0x0000000008000ed6                HAL_NVIC_EnableIRQ
 .text.HAL_SYSTICK_Config
                0x0000000008000ef6       0x1a ./Drivers/STM32F0xx_HAL_Driver/Src/stm32f0xx_hal_cortex.o
                0x0000000008000ef6                HAL_SYSTICK_Config
 .text.HAL_DMA_Abort
                0x0000000008000f10       0x70 ./Drivers/STM32F0xx_HAL_Driver/Src/stm32f0xx_hal_dma.o
                0x0000000008000f10                HAL_DMA_Abort
 .text.HAL_DMA_Abort_IT
                0x0000000008000f80       0x8a ./Drivers/STM32F0xx_HAL_Driver/Src/stm32f0xx_hal_dma.o
                0x0000000008000f80                HAL_DMA_Abort_IT
 *fill*         0x000000000800100a        0x2 
 .text.HAL_GPIO_Init
                0x000000000800100c      0x2e0 ./Drivers/STM32F0xx_HAL_Driver/Src/stm32f0xx_hal_gpio.o
                0x000000000800100c                HAL_GPIO_Init
 .text.HAL_GPIO_WritePin
                0x00000000080012ec       0x3a ./Drivers/STM32F0xx_HAL_Driver/Src/stm32f0xx_hal_gpio.o
                0x00000000080012ec                HAL_GPIO_WritePin
 *fill*         0x0000000008001326        0x2 
 .text.HAL_RCC_OscConfig
                0x0000000008001328      0x634 ./Drivers/STM32F0xx_HAL_Driver/Src/stm32f0xx_hal_rcc.o
                0x0000000008001328                HAL_RCC_OscConfig
 .text.HAL_RCC_ClockConfig
                0x000000000800195c      0x19c ./Drivers/STM32F0xx_HAL_Driver/Src/stm32f0xx_hal_rcc.o
                0x000000000800195c                HAL_RCC_ClockConfig
 .text.HAL_RCC_GetSysClockFreq
                0x0000000008001af8       0xc8 ./Drivers/STM32F0xx_HAL_Driver/Src/stm32f0xx_hal_rcc.o
                0x0000000008001af8                HAL_RCC_GetSysClockFreq
 .text.HAL_RCC_GetHCLKFreq
                0x0000000008001bc0       0x14 ./Drivers/STM32F0xx_HAL_Driver/Src/stm32f0xx_hal_rcc.o
                0x0000000008001bc0                HAL_RCC_GetHCLKFreq
 .text.HAL_RCC_GetPCLK1Freq
                0x0000000008001bd4       0x2c ./Drivers/STM32F0xx_HAL_Driver/Src/stm32f0xx_hal_rcc.o
                0x0000000008001bd4                HAL_RCC_GetPCLK1Freq
 .text.HAL_UART_Init
                0x0000000008001c00       0xa8 ./Drivers/STM32F0xx_HAL_Driver/Src/stm32f0xx_hal_uart.o
                0x0000000008001c00                HAL_UART_Init
 .text.HAL_UART_Receive_IT
                0x0000000008001ca8       0xc2 ./Drivers/STM32F0xx_HAL_Driver/Src/stm32f0xx_hal_uart.o
                0x0000000008001ca8                HAL_UART_Receive_IT
 *fill*         0x0000000008001d6a        0x2 
 .text.HAL_UART_IRQHandler
                0x0000000008001d6c      0x580 ./Drivers/STM32F0xx_HAL_Driver/Src/stm32f0xx_hal_uart.o
                0x0000000008001d6c                HAL_UART_IRQHandler
 .text.HAL_UART_TxCpltCallback
                0x00000000080022ec       0x10 ./Drivers/STM32F0xx_HAL_Driver/Src/stm32f0xx_hal_uart.o
                0x00000000080022ec                HAL_UART_TxCpltCallback
 .text.HAL_UART_ErrorCallback
                0x00000000080022fc       0x10 ./Drivers/STM32F0xx_HAL_Driver/Src/stm32f0xx_hal_uart.o
                0x00000000080022fc                HAL_UART_ErrorCallback
 .text.HAL_UARTEx_RxEventCallback
                0x000000000800230c       0x16 ./Drivers/STM32F0xx_HAL_Driver/Src/stm32f0xx_hal_uart.o
                0x000000000800230c                HAL_UARTEx_RxEventCallback
 *fill*         0x0000000008002322        0x2 
 .text.UART_SetConfig
                0x0000000008002324      0x280 ./Drivers/STM32F0xx_HAL_Driver/Src/stm32f0xx_hal_uart.o
                0x0000000008002324                UART_SetConfig
 .text.UART_AdvFeatureConfig
                0x00000000080025a4      0x168 ./Drivers/STM32F0xx_HAL_Driver/Src/stm32f0xx_hal_uart.o
                0x00000000080025a4                UART_AdvFeatureConfig
 .text.UART_CheckIdleState
                0x000000000800270c       0x90 ./Drivers/STM32F0xx_HAL_Driver/Src/stm32f0xx_hal_uart.o
                0x000000000800270c                UART_CheckIdleState
 .text.UART_WaitOnFlagUntilTimeout
                0x000000000800279c      0x188 ./Drivers/STM32F0xx_HAL_Driver/Src/stm32f0xx_hal_uart.o
                0x000000000800279c                UART_WaitOnFlagUntilTimeout
 .text.UART_Start_Receive_IT
                0x0000000008002924      0x138 ./Drivers/STM32F0xx_HAL_Driver/Src/stm32f0xx_hal_uart.o
                0x0000000008002924                UART_Start_Receive_IT
 .text.UART_EndRxTransfer
                0x0000000008002a5c       0xc4 ./Drivers/STM32F0xx_HAL_Driver/Src/stm32f0xx_hal_uart.o
 .text.UART_DMAAbortOnError
                0x0000000008002b20       0x2e ./Drivers/STM32F0xx_HAL_Driver/Src/stm32f0xx_hal_uart.o
 .text.UART_EndTransmit_IT
                0x0000000008002b4e       0x56 ./Drivers/STM32F0xx_HAL_Driver/Src/stm32f0xx_hal_uart.o
 .text.UART_RxISR_8BIT
                0x0000000008002ba4      0x168 ./Drivers/STM32F0xx_HAL_Driver/Src/stm32f0xx_hal_uart.o
 .text.UART_RxISR_16BIT
                0x0000000008002d0c      0x168 ./Drivers/STM32F0xx_HAL_Driver/Src/stm32f0xx_hal_uart.o
 .text.__libc_init_array
                0x0000000008002e74       0x48 c:/st/stm32cubeide_1.7.0/stm32cubeide/plugins/com.st.stm32cube.ide.mcu.externaltools.gnu-tools-for-stm32.9-2020-q2-update.win32_2.0.0.202105311346/tools/bin/../lib/gcc/arm-none-eabi/9.3.1/../../../../arm-none-eabi/lib/thumb/v6-m/nofp\libc_nano.a(lib_a-init.o)
                0x0000000008002e74                __libc_init_array
 .text.memset   0x0000000008002ebc       0x10 c:/st/stm32cubeide_1.7.0/stm32cubeide/plugins/com.st.stm32cube.ide.mcu.externaltools.gnu-tools-for-stm32.9-2020-q2-update.win32_2.0.0.202105311346/tools/bin/../lib/gcc/arm-none-eabi/9.3.1/../../../../arm-none-eabi/lib/thumb/v6-m/nofp\libc_nano.a(lib_a-memset.o)
                0x0000000008002ebc                memset
 *(.glue_7)
 .glue_7        0x0000000008002ecc        0x0 linker stubs
 *(.glue_7t)
 .glue_7t       0x0000000008002ecc        0x0 linker stubs
 *(.eh_frame)
 .eh_frame      0x0000000008002ecc        0x0 c:/st/stm32cubeide_1.7.0/stm32cubeide/plugins/com.st.stm32cube.ide.mcu.externaltools.gnu-tools-for-stm32.9-2020-q2-update.win32_2.0.0.202105311346/tools/bin/../lib/gcc/arm-none-eabi/9.3.1/thumb/v6-m/nofp/crtbegin.o
 *(.init)
 .init          0x0000000008002ecc        0x4 c:/st/stm32cubeide_1.7.0/stm32cubeide/plugins/com.st.stm32cube.ide.mcu.externaltools.gnu-tools-for-stm32.9-2020-q2-update.win32_2.0.0.202105311346/tools/bin/../lib/gcc/arm-none-eabi/9.3.1/thumb/v6-m/nofp/crti.o
                0x0000000008002ecc                _init
 .init          0x0000000008002ed0        0x8 c:/st/stm32cubeide_1.7.0/stm32cubeide/plugins/com.st.stm32cube.ide.mcu.externaltools.gnu-tools-for-stm32.9-2020-q2-update.win32_2.0.0.202105311346/tools/bin/../lib/gcc/arm-none-eabi/9.3.1/thumb/v6-m/nofp/crtn.o
 *(.fini)
 .fini          0x0000000008002ed8        0x4 c:/st/stm32cubeide_1.7.0/stm32cubeide/plugins/com.st.stm32cube.ide.mcu.externaltools.gnu-tools-for-stm32.9-2020-q2-update.win32_2.0.0.202105311346/tools/bin/../lib/gcc/arm-none-eabi/9.3.1/thumb/v6-m/nofp/crti.o
                0x0000000008002ed8                _fini
 .fini          0x0000000008002edc        0x8 c:/st/stm32cubeide_1.7.0/stm32cubeide/plugins/com.st.stm32cube.ide.mcu.externaltools.gnu-tools-for-stm32.9-2020-q2-update.win32_2.0.0.202105311346/tools/bin/../lib/gcc/arm-none-eabi/9.3.1/thumb/v6-m/nofp/crtn.o
                0x0000000008002ee4                . = ALIGN (0x4)
                0x0000000008002ee4                _etext = .

.vfp11_veneer   0x0000000008002ee4        0x0
 .vfp11_veneer  0x0000000008002ee4        0x0 linker stubs

.v4_bx          0x0000000008002ee4        0x0
 .v4_bx         0x0000000008002ee4        0x0 linker stubs

.iplt           0x0000000008002ee4        0x0
 .iplt          0x0000000008002ee4        0x0 c:/st/stm32cubeide_1.7.0/stm32cubeide/plugins/com.st.stm32cube.ide.mcu.externaltools.gnu-tools-for-stm32.9-2020-q2-update.win32_2.0.0.202105311346/tools/bin/../lib/gcc/arm-none-eabi/9.3.1/thumb/v6-m/nofp/crtbegin.o

.rodata         0x0000000008002ee4       0x5c
                0x0000000008002ee4                . = ALIGN (0x4)
 *(.rodata)
 .rodata        0x0000000008002ee4        0xe ./Core/Src/parking_app.o
 *fill*         0x0000000008002ef2        0x2 
 .rodata        0x0000000008002ef4       0x20 ./Drivers/STM32F0xx_HAL_Driver/Src/stm32f0xx_hal_rcc.o
 *(.rodata*)
 .rodata.AHBPrescTable
                0x0000000008002f14       0x10 ./Core/Src/system_stm32f0xx.o
                0x0000000008002f14                AHBPrescTable
 .rodata.APBPrescTable
                0x0000000008002f24        0x8 ./Core/Src/system_stm32f0xx.o
                0x0000000008002f24                APBPrescTable
 .rodata._ZN6packet16deserialize_dataEPKhh
                0x0000000008002f2c       0x14 ./Core/Src/uart_api.o
                0x0000000008002f40                . = ALIGN (0x4)

.rel.dyn        0x0000000008002f40        0x0
 .rel.iplt      0x0000000008002f40        0x0 c:/st/stm32cubeide_1.7.0/stm32cubeide/plugins/com.st.stm32cube.ide.mcu.externaltools.gnu-tools-for-stm32.9-2020-q2-update.win32_2.0.0.202105311346/tools/bin/../lib/gcc/arm-none-eabi/9.3.1/thumb/v6-m/nofp/crtbegin.o

.ARM.extab      0x0000000008002f40        0x0
                0x0000000008002f40                . = ALIGN (0x4)
 *(.ARM.extab* .gnu.linkonce.armextab.*)
                0x0000000008002f40                . = ALIGN (0x4)

.ARM            0x0000000008002f40        0x0
                0x0000000008002f40                . = ALIGN (0x4)
                0x0000000008002f40                __exidx_start = .
 *(.ARM.exidx*)
                0x0000000008002f40                __exidx_end = .
                0x0000000008002f40                . = ALIGN (0x4)

.preinit_array  0x0000000008002f40        0x0
                0x0000000008002f40                . = ALIGN (0x4)
                0x0000000008002f40                PROVIDE (__preinit_array_start = .)
 *(.preinit_array*)
                0x0000000008002f40                PROVIDE (__preinit_array_end = .)
                0x0000000008002f40                . = ALIGN (0x4)

.init_array     0x0000000008002f40        0x8
                0x0000000008002f40                . = ALIGN (0x4)
                0x0000000008002f40                PROVIDE (__init_array_start = .)
 *(SORT_BY_NAME(.init_array.*))
 *(.init_array*)
 .init_array    0x0000000008002f40        0x4 c:/st/stm32cubeide_1.7.0/stm32cubeide/plugins/com.st.stm32cube.ide.mcu.externaltools.gnu-tools-for-stm32.9-2020-q2-update.win32_2.0.0.202105311346/tools/bin/../lib/gcc/arm-none-eabi/9.3.1/thumb/v6-m/nofp/crtbegin.o
 .init_array    0x0000000008002f44        0x4 ./Core/Src/parking_app.o
                0x0000000008002f48                PROVIDE (__init_array_end = .)
                0x0000000008002f48                . = ALIGN (0x4)

.fini_array     0x0000000008002f48        0x4
                0x0000000008002f48                . = ALIGN (0x4)
                [!provide]                        PROVIDE (__fini_array_start = .)
 *(SORT_BY_NAME(.fini_array.*))
 *(.fini_array*)
 .fini_array    0x0000000008002f48        0x4 c:/st/stm32cubeide_1.7.0/stm32cubeide/plugins/com.st.stm32cube.ide.mcu.externaltools.gnu-tools-for-stm32.9-2020-q2-update.win32_2.0.0.202105311346/tools/bin/../lib/gcc/arm-none-eabi/9.3.1/thumb/v6-m/nofp/crtbegin.o
                [!provide]                        PROVIDE (__fini_array_end = .)
                0x0000000008002f4c                . = ALIGN (0x4)
                0x0000000008002f4c                _sidata = LOADADDR (.data)

.data           0x0000000020000000        0xc load address 0x0000000008002f4c
                0x0000000020000000                . = ALIGN (0x4)
                0x0000000020000000                _sdata = .
 *(.data)
 *(.data*)
 .data.SystemCoreClock
                0x0000000020000000        0x4 ./Core/Src/system_stm32f0xx.o
                0x0000000020000000                SystemCoreClock
 .data.uwTickPrio
                0x0000000020000004        0x4 ./Drivers/STM32F0xx_HAL_Driver/Src/stm32f0xx_hal.o
                0x0000000020000004                uwTickPrio
 .data.uwTickFreq
                0x0000000020000008        0x1 ./Drivers/STM32F0xx_HAL_Driver/Src/stm32f0xx_hal.o
                0x0000000020000008                uwTickFreq
 *(.RamFunc)
 *(.RamFunc*)
                0x000000002000000c                . = ALIGN (0x4)
 *fill*         0x0000000020000009        0x3 
                0x000000002000000c                _edata = .

.igot.plt       0x000000002000000c        0x0 load address 0x0000000008002f58
 .igot.plt      0x000000002000000c        0x0 c:/st/stm32cubeide_1.7.0/stm32cubeide/plugins/com.st.stm32cube.ide.mcu.externaltools.gnu-tools-for-stm32.9-2020-q2-update.win32_2.0.0.202105311346/tools/bin/../lib/gcc/arm-none-eabi/9.3.1/thumb/v6-m/nofp/crtbegin.o
                0x000000002000000c                . = ALIGN (0x4)

.bss            0x000000002000000c      0x5a8 load address 0x0000000008002f58
                0x000000002000000c                _sbss = .
                0x000000002000000c                __bss_start__ = _sbss
 *(.bss)
 .bss           0x000000002000000c       0x1c c:/st/stm32cubeide_1.7.0/stm32cubeide/plugins/com.st.stm32cube.ide.mcu.externaltools.gnu-tools-for-stm32.9-2020-q2-update.win32_2.0.0.202105311346/tools/bin/../lib/gcc/arm-none-eabi/9.3.1/thumb/v6-m/nofp/crtbegin.o
 *(.bss*)
 .bss._ZN11parking_app17uart_deserializerE
                0x0000000020000028      0x114 ./Core/Src/parking_app.o
                0x0000000020000028                parking_app::uart_deserializer
 .bss._ZN11parking_app9rx_bufferE
                0x000000002000013c      0x3ec ./Core/Src/parking_app.o
                0x000000002000013c                parking_app::rx_buffer
 .bss.uart_data
                0x0000000020000528        0x1 ./Core/Src/parking_app.o
                0x0000000020000528                uart_data
 .bss._ZZN6packet16deserialize_dataEPKhhE10data_count
                0x0000000020000529        0x1 ./Core/Src/uart_api.o
 *(COMMON)
 *fill*         0x000000002000052a        0x2 
 COMMON         0x000000002000052c       0x84 ./Core/Src/usart.o
                0x000000002000052c                huart2
 COMMON         0x00000000200005b0        0x4 ./Drivers/STM32F0xx_HAL_Driver/Src/stm32f0xx_hal.o
                0x00000000200005b0                uwTick
                0x00000000200005b4                . = ALIGN (0x4)
                0x00000000200005b4                _ebss = .
                0x00000000200005b4                __bss_end__ = _ebss

._user_heap_stack
                0x00000000200005b4      0x604 load address 0x0000000008002f58
                0x00000000200005b8                . = ALIGN (0x8)
 *fill*         0x00000000200005b4        0x4 
                [!provide]                        PROVIDE (end = .)
                0x00000000200005b8                PROVIDE (_end = .)
                0x00000000200007b8                . = (. + _Min_Heap_Size)
 *fill*         0x00000000200005b8      0x200 
                0x0000000020000bb8                . = (. + _Min_Stack_Size)
 *fill*         0x00000000200007b8      0x400 
                0x0000000020000bb8                . = ALIGN (0x8)

/DISCARD/
 libc.a(*)
 libm.a(*)
 libgcc.a(*)

.ARM.attributes
                0x0000000000000000       0x28
 *(.ARM.attributes)
 .ARM.attributes
                0x0000000000000000       0x1e c:/st/stm32cubeide_1.7.0/stm32cubeide/plugins/com.st.stm32cube.ide.mcu.externaltools.gnu-tools-for-stm32.9-2020-q2-update.win32_2.0.0.202105311346/tools/bin/../lib/gcc/arm-none-eabi/9.3.1/thumb/v6-m/nofp/crti.o
 .ARM.attributes
                0x000000000000001e       0x2c c:/st/stm32cubeide_1.7.0/stm32cubeide/plugins/com.st.stm32cube.ide.mcu.externaltools.gnu-tools-for-stm32.9-2020-q2-update.win32_2.0.0.202105311346/tools/bin/../lib/gcc/arm-none-eabi/9.3.1/thumb/v6-m/nofp/crtbegin.o
 .ARM.attributes
                0x000000000000004a       0x2c ./Core/Src/gpio.o
 .ARM.attributes
                0x0000000000000076       0x2c ./Core/Src/main.o
 .ARM.attributes
                0x00000000000000a2       0x2c ./Core/Src/parking_app.o
 .ARM.attributes
                0x00000000000000ce       0x2c ./Core/Src/stm32f0xx_hal_msp.o
 .ARM.attributes
                0x00000000000000fa       0x2c ./Core/Src/stm32f0xx_it.o
 .ARM.attributes
                0x0000000000000126       0x2c ./Core/Src/system_stm32f0xx.o
 .ARM.attributes
                0x0000000000000152       0x2c ./Core/Src/uart_api.o
 .ARM.attributes
                0x000000000000017e       0x2c ./Core/Src/uart_rx_buffer.o
 .ARM.attributes
                0x00000000000001aa       0x2c ./Core/Src/usart.o
 .ARM.attributes
                0x00000000000001d6       0x21 ./Core/Startup/startup_stm32f030r8tx.o
 .ARM.attributes
                0x00000000000001f7       0x2c ./Drivers/STM32F0xx_HAL_Driver/Src/stm32f0xx_hal.o
 .ARM.attributes
                0x0000000000000223       0x2c ./Drivers/STM32F0xx_HAL_Driver/Src/stm32f0xx_hal_cortex.o
 .ARM.attributes
                0x000000000000024f       0x2c ./Drivers/STM32F0xx_HAL_Driver/Src/stm32f0xx_hal_dma.o
 .ARM.attributes
                0x000000000000027b       0x2c ./Drivers/STM32F0xx_HAL_Driver/Src/stm32f0xx_hal_gpio.o
 .ARM.attributes
                0x00000000000002a7       0x2c ./Drivers/STM32F0xx_HAL_Driver/Src/stm32f0xx_hal_rcc.o
 .ARM.attributes
                0x00000000000002d3       0x2c ./Drivers/STM32F0xx_HAL_Driver/Src/stm32f0xx_hal_uart.o
 .ARM.attributes
                0x00000000000002ff       0x2c c:/st/stm32cubeide_1.7.0/stm32cubeide/plugins/com.st.stm32cube.ide.mcu.externaltools.gnu-tools-for-stm32.9-2020-q2-update.win32_2.0.0.202105311346/tools/bin/../lib/gcc/arm-none-eabi/9.3.1/../../../../arm-none-eabi/lib/thumb/v6-m/nofp\libc_nano.a(lib_a-init.o)
 .ARM.attributes
                0x000000000000032b       0x2c c:/st/stm32cubeide_1.7.0/stm32cubeide/plugins/com.st.stm32cube.ide.mcu.externaltools.gnu-tools-for-stm32.9-2020-q2-update.win32_2.0.0.202105311346/tools/bin/../lib/gcc/arm-none-eabi/9.3.1/../../../../arm-none-eabi/lib/thumb/v6-m/nofp\libc_nano.a(lib_a-memset.o)
 .ARM.attributes
                0x0000000000000357       0x1c c:/st/stm32cubeide_1.7.0/stm32cubeide/plugins/com.st.stm32cube.ide.mcu.externaltools.gnu-tools-for-stm32.9-2020-q2-update.win32_2.0.0.202105311346/tools/bin/../lib/gcc/arm-none-eabi/9.3.1/../../../../arm-none-eabi/lib/thumb/v6-m/nofp\libc_nano.a(lib_a-strcmp.o)
 .ARM.attributes
                0x0000000000000373       0x1e c:/st/stm32cubeide_1.7.0/stm32cubeide/plugins/com.st.stm32cube.ide.mcu.externaltools.gnu-tools-for-stm32.9-2020-q2-update.win32_2.0.0.202105311346/tools/bin/../lib/gcc/arm-none-eabi/9.3.1/thumb/v6-m/nofp\libgcc.a(_udivsi3.o)
 .ARM.attributes
                0x0000000000000391       0x1e c:/st/stm32cubeide_1.7.0/stm32cubeide/plugins/com.st.stm32cube.ide.mcu.externaltools.gnu-tools-for-stm32.9-2020-q2-update.win32_2.0.0.202105311346/tools/bin/../lib/gcc/arm-none-eabi/9.3.1/thumb/v6-m/nofp\libgcc.a(_divsi3.o)
 .ARM.attributes
                0x00000000000003af       0x1e c:/st/stm32cubeide_1.7.0/stm32cubeide/plugins/com.st.stm32cube.ide.mcu.externaltools.gnu-tools-for-stm32.9-2020-q2-update.win32_2.0.0.202105311346/tools/bin/../lib/gcc/arm-none-eabi/9.3.1/thumb/v6-m/nofp\libgcc.a(_dvmd_tls.o)
 .ARM.attributes
                0x00000000000003cd       0x1e c:/st/stm32cubeide_1.7.0/stm32cubeide/plugins/com.st.stm32cube.ide.mcu.externaltools.gnu-tools-for-stm32.9-2020-q2-update.win32_2.0.0.202105311346/tools/bin/../lib/gcc/arm-none-eabi/9.3.1/thumb/v6-m/nofp/crtn.o
OUTPUT(parking.elf elf32-littlearm)
LOAD linker stubs
LOAD c:/st/stm32cubeide_1.7.0/stm32cubeide/plugins/com.st.stm32cube.ide.mcu.externaltools.gnu-tools-for-stm32.9-2020-q2-update.win32_2.0.0.202105311346/tools/bin/../lib/gcc/arm-none-eabi/9.3.1/../../../../arm-none-eabi/lib/thumb/v6-m/nofp\libc.a
LOAD c:/st/stm32cubeide_1.7.0/stm32cubeide/plugins/com.st.stm32cube.ide.mcu.externaltools.gnu-tools-for-stm32.9-2020-q2-update.win32_2.0.0.202105311346/tools/bin/../lib/gcc/arm-none-eabi/9.3.1/../../../../arm-none-eabi/lib/thumb/v6-m/nofp\libm.a
LOAD c:/st/stm32cubeide_1.7.0/stm32cubeide/plugins/com.st.stm32cube.ide.mcu.externaltools.gnu-tools-for-stm32.9-2020-q2-update.win32_2.0.0.202105311346/tools/bin/../lib/gcc/arm-none-eabi/9.3.1/thumb/v6-m/nofp\libgcc.a

.debug_info     0x0000000000000000     0xa3c0
 .debug_info    0x0000000000000000      0x3e0 ./Core/Src/gpio.o
 .debug_info    0x00000000000003e0      0x9a5 ./Core/Src/main.o
 .debug_info    0x0000000000000d85     0x1671 ./Core/Src/parking_app.o
 .debug_info    0x00000000000023f6      0x27d ./Core/Src/stm32f0xx_hal_msp.o
 .debug_info    0x0000000000002673      0x754 ./Core/Src/stm32f0xx_it.o
 .debug_info    0x0000000000002dc7      0x2c3 ./Core/Src/system_stm32f0xx.o
 .debug_info    0x000000000000308a      0x4f5 ./Core/Src/uart_api.o
 .debug_info    0x000000000000357f      0x201 ./Core/Src/uart_rx_buffer.o
 .debug_info    0x0000000000003780      0xa68 ./Core/Src/usart.o
 .debug_info    0x00000000000041e8       0x22 ./Core/Startup/startup_stm32f030r8tx.o
 .debug_info    0x000000000000420a      0x6dc ./Drivers/STM32F0xx_HAL_Driver/Src/stm32f0xx_hal.o
 .debug_info    0x00000000000048e6      0x7be ./Drivers/STM32F0xx_HAL_Driver/Src/stm32f0xx_hal_cortex.o
 .debug_info    0x00000000000050a4      0x80a ./Drivers/STM32F0xx_HAL_Driver/Src/stm32f0xx_hal_dma.o
 .debug_info    0x00000000000058ae      0x6d8 ./Drivers/STM32F0xx_HAL_Driver/Src/stm32f0xx_hal_gpio.o
 .debug_info    0x0000000000005f86      0x88d ./Drivers/STM32F0xx_HAL_Driver/Src/stm32f0xx_hal_rcc.o
 .debug_info    0x0000000000006813     0x3bad ./Drivers/STM32F0xx_HAL_Driver/Src/stm32f0xx_hal_uart.o

.debug_abbrev   0x0000000000000000     0x1e6c
 .debug_abbrev  0x0000000000000000      0x14e ./Core/Src/gpio.o
 .debug_abbrev  0x000000000000014e      0x1e2 ./Core/Src/main.o
 .debug_abbrev  0x0000000000000330      0x435 ./Core/Src/parking_app.o
 .debug_abbrev  0x0000000000000765      0x11d ./Core/Src/stm32f0xx_hal_msp.o
 .debug_abbrev  0x0000000000000882      0x174 ./Core/Src/stm32f0xx_it.o
 .debug_abbrev  0x00000000000009f6      0x145 ./Core/Src/system_stm32f0xx.o
 .debug_abbrev  0x0000000000000b3b      0x23d ./Core/Src/uart_api.o
 .debug_abbrev  0x0000000000000d78      0x15f ./Core/Src/uart_rx_buffer.o
 .debug_abbrev  0x0000000000000ed7      0x1c4 ./Core/Src/usart.o
 .debug_abbrev  0x000000000000109b       0x12 ./Core/Startup/startup_stm32f030r8tx.o
 .debug_abbrev  0x00000000000010ad      0x21e ./Drivers/STM32F0xx_HAL_Driver/Src/stm32f0xx_hal.o
 .debug_abbrev  0x00000000000012cb      0x2a9 ./Drivers/STM32F0xx_HAL_Driver/Src/stm32f0xx_hal_cortex.o
 .debug_abbrev  0x0000000000001574      0x213 ./Drivers/STM32F0xx_HAL_Driver/Src/stm32f0xx_hal_dma.o
 .debug_abbrev  0x0000000000001787      0x1e8 ./Drivers/STM32F0xx_HAL_Driver/Src/stm32f0xx_hal_gpio.o
 .debug_abbrev  0x000000000000196f      0x23b ./Drivers/STM32F0xx_HAL_Driver/Src/stm32f0xx_hal_rcc.o
 .debug_abbrev  0x0000000000001baa      0x2c2 ./Drivers/STM32F0xx_HAL_Driver/Src/stm32f0xx_hal_uart.o

.debug_aranges  0x0000000000000000      0x708
 .debug_aranges
                0x0000000000000000       0x20 ./Core/Src/gpio.o
 .debug_aranges
                0x0000000000000020       0x30 ./Core/Src/main.o
 .debug_aranges
                0x0000000000000050       0x60 ./Core/Src/parking_app.o
 .debug_aranges
                0x00000000000000b0       0x20 ./Core/Src/stm32f0xx_hal_msp.o
 .debug_aranges
                0x00000000000000d0       0x48 ./Core/Src/stm32f0xx_it.o
 .debug_aranges
                0x0000000000000118       0x28 ./Core/Src/system_stm32f0xx.o
 .debug_aranges
                0x0000000000000140       0x40 ./Core/Src/uart_api.o
 .debug_aranges
                0x0000000000000180       0x28 ./Core/Src/uart_rx_buffer.o
 .debug_aranges
                0x00000000000001a8       0x30 ./Core/Src/usart.o
 .debug_aranges
                0x00000000000001d8       0x28 ./Core/Startup/startup_stm32f030r8tx.o
 .debug_aranges
                0x0000000000000200       0xd0 ./Drivers/STM32F0xx_HAL_Driver/Src/stm32f0xx_hal.o
 .debug_aranges
                0x00000000000002d0       0xc0 ./Drivers/STM32F0xx_HAL_Driver/Src/stm32f0xx_hal_cortex.o
 .debug_aranges
                0x0000000000000390       0x88 ./Drivers/STM32F0xx_HAL_Driver/Src/stm32f0xx_hal_dma.o
 .debug_aranges
                0x0000000000000418       0x58 ./Drivers/STM32F0xx_HAL_Driver/Src/stm32f0xx_hal_gpio.o
 .debug_aranges
                0x0000000000000470       0x80 ./Drivers/STM32F0xx_HAL_Driver/Src/stm32f0xx_hal_rcc.o
 .debug_aranges
                0x00000000000004f0      0x218 ./Drivers/STM32F0xx_HAL_Driver/Src/stm32f0xx_hal_uart.o

.debug_ranges   0x0000000000000000      0x640
 .debug_ranges  0x0000000000000000       0x10 ./Core/Src/gpio.o
 .debug_ranges  0x0000000000000010       0x20 ./Core/Src/main.o
 .debug_ranges  0x0000000000000030       0x50 ./Core/Src/parking_app.o
 .debug_ranges  0x0000000000000080       0x10 ./Core/Src/stm32f0xx_hal_msp.o
 .debug_ranges  0x0000000000000090       0x38 ./Core/Src/stm32f0xx_it.o
 .debug_ranges  0x00000000000000c8       0x18 ./Core/Src/system_stm32f0xx.o
 .debug_ranges  0x00000000000000e0       0x30 ./Core/Src/uart_api.o
 .debug_ranges  0x0000000000000110       0x18 ./Core/Src/uart_rx_buffer.o
 .debug_ranges  0x0000000000000128       0x20 ./Core/Src/usart.o
 .debug_ranges  0x0000000000000148       0x20 ./Core/Startup/startup_stm32f030r8tx.o
 .debug_ranges  0x0000000000000168       0xc0 ./Drivers/STM32F0xx_HAL_Driver/Src/stm32f0xx_hal.o
 .debug_ranges  0x0000000000000228       0xb0 ./Drivers/STM32F0xx_HAL_Driver/Src/stm32f0xx_hal_cortex.o
 .debug_ranges  0x00000000000002d8       0x78 ./Drivers/STM32F0xx_HAL_Driver/Src/stm32f0xx_hal_dma.o
 .debug_ranges  0x0000000000000350       0x48 ./Drivers/STM32F0xx_HAL_Driver/Src/stm32f0xx_hal_gpio.o
 .debug_ranges  0x0000000000000398       0x70 ./Drivers/STM32F0xx_HAL_Driver/Src/stm32f0xx_hal_rcc.o
 .debug_ranges  0x0000000000000408      0x238 ./Drivers/STM32F0xx_HAL_Driver/Src/stm32f0xx_hal_uart.o

.debug_macro    0x0000000000000000    0x1099b
 .debug_macro   0x0000000000000000      0x1c7 ./Core/Src/gpio.o
 .debug_macro   0x00000000000001c7      0xa7e ./Core/Src/gpio.o
 .debug_macro   0x0000000000000c45      0x12d ./Core/Src/gpio.o
 .debug_macro   0x0000000000000d72       0x2e ./Core/Src/gpio.o
 .debug_macro   0x0000000000000da0       0x22 ./Core/Src/gpio.o
 .debug_macro   0x0000000000000dc2       0x22 ./Core/Src/gpio.o
 .debug_macro   0x0000000000000de4       0x8e ./Core/Src/gpio.o
 .debug_macro   0x0000000000000e72       0x51 ./Core/Src/gpio.o
 .debug_macro   0x0000000000000ec3      0x103 ./Core/Src/gpio.o
 .debug_macro   0x0000000000000fc6       0x6a ./Core/Src/gpio.o
 .debug_macro   0x0000000000001030      0x1df ./Core/Src/gpio.o
 .debug_macro   0x000000000000120f       0x1c ./Core/Src/gpio.o
 .debug_macro   0x000000000000122b       0x22 ./Core/Src/gpio.o
 .debug_macro   0x000000000000124d       0xb5 ./Core/Src/gpio.o
 .debug_macro   0x0000000000001302      0x391 ./Core/Src/gpio.o
 .debug_macro   0x0000000000001693     0x6f40 ./Core/Src/gpio.o
 .debug_macro   0x00000000000085d3       0x66 ./Core/Src/gpio.o
 .debug_macro   0x0000000000008639     0x34a6 ./Core/Src/gpio.o
 .debug_macro   0x000000000000badf      0x174 ./Core/Src/gpio.o
 .debug_macro   0x000000000000bc53       0x55 ./Core/Src/gpio.o
 .debug_macro   0x000000000000bca8      0x924 ./Core/Src/gpio.o
 .debug_macro   0x000000000000c5cc      0x17f ./Core/Src/gpio.o
 .debug_macro   0x000000000000c74b      0x1af ./Core/Src/gpio.o
 .debug_macro   0x000000000000c8fa       0xd9 ./Core/Src/gpio.o
 .debug_macro   0x000000000000c9d3      0x1a0 ./Core/Src/gpio.o
 .debug_macro   0x000000000000cb73      0x1ed ./Core/Src/gpio.o
 .debug_macro   0x000000000000cd60       0x34 ./Core/Src/gpio.o
 .debug_macro   0x000000000000cd94       0x43 ./Core/Src/gpio.o
 .debug_macro   0x000000000000cdd7       0x28 ./Core/Src/gpio.o
 .debug_macro   0x000000000000cdff       0xb0 ./Core/Src/gpio.o
 .debug_macro   0x000000000000ceaf      0x199 ./Core/Src/gpio.o
 .debug_macro   0x000000000000d048      0x22c ./Core/Src/gpio.o
 .debug_macro   0x000000000000d274       0x61 ./Core/Src/gpio.o
 .debug_macro   0x000000000000d2d5       0xa5 ./Core/Src/gpio.o
 .debug_macro   0x000000000000d37a       0x4c ./Core/Src/gpio.o
 .debug_macro   0x000000000000d3c6       0x2b ./Core/Src/gpio.o
 .debug_macro   0x000000000000d3f1      0x55f ./Core/Src/gpio.o
 .debug_macro   0x000000000000d950       0x3e ./Core/Src/gpio.o
 .debug_macro   0x000000000000d98e       0xff ./Core/Src/gpio.o
 .debug_macro   0x000000000000da8d       0x4c ./Core/Src/gpio.o
 .debug_macro   0x000000000000dad9      0x1f8 ./Core/Src/main.o
 .debug_macro   0x000000000000dcd1      0xb56 ./Core/Src/main.o
 .debug_macro   0x000000000000e827       0x1c ./Core/Src/main.o
 .debug_macro   0x000000000000e843      0x391 ./Core/Src/main.o
 .debug_macro   0x000000000000ebd4      0x17b ./Core/Src/main.o
 .debug_macro   0x000000000000ed4f      0x2c6 ./Core/Src/parking_app.o
 .debug_macro   0x000000000000f015       0x52 ./Core/Src/parking_app.o
 .debug_macro   0x000000000000f067       0x18 ./Core/Src/parking_app.o
 .debug_macro   0x000000000000f07f       0x3c ./Core/Src/parking_app.o
 .debug_macro   0x000000000000f0bb       0x34 ./Core/Src/parking_app.o
 .debug_macro   0x000000000000f0ef       0x16 ./Core/Src/parking_app.o
 .debug_macro   0x000000000000f105       0x43 ./Core/Src/parking_app.o
 .debug_macro   0x000000000000f148       0x34 ./Core/Src/parking_app.o
 .debug_macro   0x000000000000f17c       0x10 ./Core/Src/parking_app.o
 .debug_macro   0x000000000000f18c       0x58 ./Core/Src/parking_app.o
 .debug_macro   0x000000000000f1e4       0x71 ./Core/Src/parking_app.o
 .debug_macro   0x000000000000f255       0x16 ./Core/Src/parking_app.o
 .debug_macro   0x000000000000f26b      0x12a ./Core/Src/parking_app.o
 .debug_macro   0x000000000000f395      0x356 ./Core/Src/parking_app.o
 .debug_macro   0x000000000000f6eb       0x10 ./Core/Src/parking_app.o
 .debug_macro   0x000000000000f6fb       0x35 ./Core/Src/parking_app.o
 .debug_macro   0x000000000000f730       0x20 ./Core/Src/parking_app.o
 .debug_macro   0x000000000000f750      0x1bd ./Core/Src/stm32f0xx_hal_msp.o
 .debug_macro   0x000000000000f90d      0x1c7 ./Core/Src/stm32f0xx_it.o
 .debug_macro   0x000000000000fad4      0x1ae ./Core/Src/system_stm32f0xx.o
 .debug_macro   0x000000000000fc82       0x72 ./Core/Src/uart_api.o
 .debug_macro   0x000000000000fcf4       0x72 ./Core/Src/uart_rx_buffer.o
 .debug_macro   0x000000000000fd66      0x1c7 ./Core/Src/usart.o
 .debug_macro   0x000000000000ff2d      0x1d2 ./Drivers/STM32F0xx_HAL_Driver/Src/stm32f0xx_hal.o
 .debug_macro   0x00000000000100ff      0x1ae ./Drivers/STM32F0xx_HAL_Driver/Src/stm32f0xx_hal_cortex.o
 .debug_macro   0x00000000000102ad      0x1ae ./Drivers/STM32F0xx_HAL_Driver/Src/stm32f0xx_hal_dma.o
 .debug_macro   0x000000000001045b      0x1b5 ./Drivers/STM32F0xx_HAL_Driver/Src/stm32f0xx_hal_gpio.o
 .debug_macro   0x0000000000010610      0x1c0 ./Drivers/STM32F0xx_HAL_Driver/Src/stm32f0xx_hal_rcc.o
 .debug_macro   0x00000000000107d0      0x1cb ./Drivers/STM32F0xx_HAL_Driver/Src/stm32f0xx_hal_uart.o

.debug_line     0x0000000000000000     0xa04e
 .debug_line    0x0000000000000000      0x6ca ./Core/Src/gpio.o
 .debug_line    0x00000000000006ca      0x775 ./Core/Src/main.o
 .debug_line    0x0000000000000e3f      0x957 ./Core/Src/parking_app.o
 .debug_line    0x0000000000001796      0x6b2 ./Core/Src/stm32f0xx_hal_msp.o
 .debug_line    0x0000000000001e48      0x72e ./Core/Src/stm32f0xx_it.o
 .debug_line    0x0000000000002576      0x721 ./Core/Src/system_stm32f0xx.o
 .debug_line    0x0000000000002c97      0x591 ./Core/Src/uart_api.o
 .debug_line    0x0000000000003228      0x3fc ./Core/Src/uart_rx_buffer.o
 .debug_line    0x0000000000003624      0x727 ./Core/Src/usart.o
 .debug_line    0x0000000000003d4b       0x89 ./Core/Startup/startup_stm32f030r8tx.o
 .debug_line    0x0000000000003dd4      0x92c ./Drivers/STM32F0xx_HAL_Driver/Src/stm32f0xx_hal.o
 .debug_line    0x0000000000004700      0x9d8 ./Drivers/STM32F0xx_HAL_Driver/Src/stm32f0xx_hal_cortex.o
 .debug_line    0x00000000000050d8      0xc48 ./Drivers/STM32F0xx_HAL_Driver/Src/stm32f0xx_hal_dma.o
 .debug_line    0x0000000000005d20      0xaa9 ./Drivers/STM32F0xx_HAL_Driver/Src/stm32f0xx_hal_gpio.o
 .debug_line    0x00000000000067c9      0xd18 ./Drivers/STM32F0xx_HAL_Driver/Src/stm32f0xx_hal_rcc.o
 .debug_line    0x00000000000074e1     0x2b6d ./Drivers/STM32F0xx_HAL_Driver/Src/stm32f0xx_hal_uart.o

.debug_str      0x0000000000000000    0x5cd4c
 .debug_str     0x0000000000000000    0x5741f ./Core/Src/gpio.o
                                      0x576c7 (size before relaxing)
 .debug_str     0x000000000005741f      0xc2b ./Core/Src/main.o
                                      0x581c0 (size before relaxing)
 .debug_str     0x000000000005804a     0x3690 ./Core/Src/parking_app.o
                                      0x5b76e (size before relaxing)
 .debug_str     0x000000000005b6da       0x2c ./Core/Src/stm32f0xx_hal_msp.o
                                      0x5762a (size before relaxing)
 .debug_str     0x000000000005b706       0x88 ./Core/Src/stm32f0xx_it.o
                                      0x57a33 (size before relaxing)
 .debug_str     0x000000000005b78e       0x5f ./Core/Src/system_stm32f0xx.o
                                      0x5754d (size before relaxing)
 .debug_str     0x000000000005b7ed       0x98 ./Core/Src/uart_api.o
                                       0x4322 (size before relaxing)
 .debug_str     0x000000000005b885       0x24 ./Core/Src/uart_rx_buffer.o
                                       0x4135 (size before relaxing)
 .debug_str     0x000000000005b8a9      0x17e ./Core/Src/usart.o
                                      0x57c78 (size before relaxing)
 .debug_str     0x000000000005ba27       0x36 ./Core/Startup/startup_stm32f030r8tx.o
                                         0x65 (size before relaxing)
 .debug_str     0x000000000005ba5d      0x305 ./Drivers/STM32F0xx_HAL_Driver/Src/stm32f0xx_hal.o
                                      0x57a59 (size before relaxing)
 .debug_str     0x000000000005bd62      0x1e7 ./Drivers/STM32F0xx_HAL_Driver/Src/stm32f0xx_hal_cortex.o
                                      0x5790d (size before relaxing)
 .debug_str     0x000000000005bf49      0x24d ./Drivers/STM32F0xx_HAL_Driver/Src/stm32f0xx_hal_dma.o
                                      0x57925 (size before relaxing)
 .debug_str     0x000000000005c196      0x143 ./Drivers/STM32F0xx_HAL_Driver/Src/stm32f0xx_hal_gpio.o
                                      0x5772c (size before relaxing)
 .debug_str     0x000000000005c2d9      0x235 ./Drivers/STM32F0xx_HAL_Driver/Src/stm32f0xx_hal_rcc.o
                                      0x57957 (size before relaxing)
 .debug_str     0x000000000005c50e      0x83e ./Drivers/STM32F0xx_HAL_Driver/Src/stm32f0xx_hal_uart.o
                                      0x581f0 (size before relaxing)

.comment        0x0000000000000000       0x53
 .comment       0x0000000000000000       0x53 ./Core/Src/gpio.o
                                         0x54 (size before relaxing)
 .comment       0x0000000000000053       0x54 ./Core/Src/main.o
 .comment       0x0000000000000053       0x54 ./Core/Src/parking_app.o
 .comment       0x0000000000000053       0x54 ./Core/Src/stm32f0xx_hal_msp.o
 .comment       0x0000000000000053       0x54 ./Core/Src/stm32f0xx_it.o
 .comment       0x0000000000000053       0x54 ./Core/Src/system_stm32f0xx.o
 .comment       0x0000000000000053       0x54 ./Core/Src/uart_api.o
 .comment       0x0000000000000053       0x54 ./Core/Src/uart_rx_buffer.o
 .comment       0x0000000000000053       0x54 ./Core/Src/usart.o
 .comment       0x0000000000000053       0x54 ./Drivers/STM32F0xx_HAL_Driver/Src/stm32f0xx_hal.o
 .comment       0x0000000000000053       0x54 ./Drivers/STM32F0xx_HAL_Driver/Src/stm32f0xx_hal_cortex.o
 .comment       0x0000000000000053       0x54 ./Drivers/STM32F0xx_HAL_Driver/Src/stm32f0xx_hal_dma.o
 .comment       0x0000000000000053       0x54 ./Drivers/STM32F0xx_HAL_Driver/Src/stm32f0xx_hal_gpio.o
 .comment       0x0000000000000053       0x54 ./Drivers/STM32F0xx_HAL_Driver/Src/stm32f0xx_hal_rcc.o
 .comment       0x0000000000000053       0x54 ./Drivers/STM32F0xx_HAL_Driver/Src/stm32f0xx_hal_uart.o

.debug_frame    0x0000000000000000     0x16dc
 .debug_frame   0x0000000000000000       0x30 ./Core/Src/gpio.o
 .debug_frame   0x0000000000000030       0x68 ./Core/Src/main.o
 .debug_frame   0x0000000000000098      0x128 ./Core/Src/parking_app.o
 .debug_frame   0x00000000000001c0       0x30 ./Core/Src/stm32f0xx_hal_msp.o
 .debug_frame   0x00000000000001f0       0xb8 ./Core/Src/stm32f0xx_it.o
 .debug_frame   0x00000000000002a8       0x4c ./Core/Src/system_stm32f0xx.o
 .debug_frame   0x00000000000002f4       0xb4 ./Core/Src/uart_api.o
 .debug_frame   0x00000000000003a8       0x50 ./Core/Src/uart_rx_buffer.o
 .debug_frame   0x00000000000003f8       0x6c ./Core/Src/usart.o
 .debug_frame   0x0000000000000464      0x2a4 ./Drivers/STM32F0xx_HAL_Driver/Src/stm32f0xx_hal.o
 .debug_frame   0x0000000000000708      0x2a0 ./Drivers/STM32F0xx_HAL_Driver/Src/stm32f0xx_hal_cortex.o
 .debug_frame   0x00000000000009a8      0x1d0 ./Drivers/STM32F0xx_HAL_Driver/Src/stm32f0xx_hal_dma.o
 .debug_frame   0x0000000000000b78      0x110 ./Drivers/STM32F0xx_HAL_Driver/Src/stm32f0xx_hal_gpio.o
 .debug_frame   0x0000000000000c88      0x198 ./Drivers/STM32F0xx_HAL_Driver/Src/stm32f0xx_hal_rcc.o
 .debug_frame   0x0000000000000e20      0x810 ./Drivers/STM32F0xx_HAL_Driver/Src/stm32f0xx_hal_uart.o
 .debug_frame   0x0000000000001630       0x2c c:/st/stm32cubeide_1.7.0/stm32cubeide/plugins/com.st.stm32cube.ide.mcu.externaltools.gnu-tools-for-stm32.9-2020-q2-update.win32_2.0.0.202105311346/tools/bin/../lib/gcc/arm-none-eabi/9.3.1/../../../../arm-none-eabi/lib/thumb/v6-m/nofp\libc_nano.a(lib_a-init.o)
 .debug_frame   0x000000000000165c       0x20 c:/st/stm32cubeide_1.7.0/stm32cubeide/plugins/com.st.stm32cube.ide.mcu.externaltools.gnu-tools-for-stm32.9-2020-q2-update.win32_2.0.0.202105311346/tools/bin/../lib/gcc/arm-none-eabi/9.3.1/../../../../arm-none-eabi/lib/thumb/v6-m/nofp\libc_nano.a(lib_a-memset.o)
 .debug_frame   0x000000000000167c       0x20 c:/st/stm32cubeide_1.7.0/stm32cubeide/plugins/com.st.stm32cube.ide.mcu.externaltools.gnu-tools-for-stm32.9-2020-q2-update.win32_2.0.0.202105311346/tools/bin/../lib/gcc/arm-none-eabi/9.3.1/../../../../arm-none-eabi/lib/thumb/v6-m/nofp\libc_nano.a(lib_a-strcmp.o)
 .debug_frame   0x000000000000169c       0x20 c:/st/stm32cubeide_1.7.0/stm32cubeide/plugins/com.st.stm32cube.ide.mcu.externaltools.gnu-tools-for-stm32.9-2020-q2-update.win32_2.0.0.202105311346/tools/bin/../lib/gcc/arm-none-eabi/9.3.1/thumb/v6-m/nofp\libgcc.a(_udivsi3.o)
 .debug_frame   0x00000000000016bc       0x20 c:/st/stm32cubeide_1.7.0/stm32cubeide/plugins/com.st.stm32cube.ide.mcu.externaltools.gnu-tools-for-stm32.9-2020-q2-update.win32_2.0.0.202105311346/tools/bin/../lib/gcc/arm-none-eabi/9.3.1/thumb/v6-m/nofp\libgcc.a(_divsi3.o)
